// Jest Snapshot v1, https://goo.gl/fbAQLP

exports[`Header renders correctly 1`] = `
<div>
  <header
    class="sc-bdfBQB fRDkPb"
  >
    <h1>
      Header
    </h1>
  </header>
</div>
`;
